\set ECHO none
1..1
ok 1 - Ensure _aclitems_all_rights() is correct.
# TRANSACTION INTENTIONALLY LEFT OPEN!
